// Jest Snapshot v1, https://goo.gl/fbAQLP

exports[`Testing Component Rendering should render correctly in debug mode 1`] = `ShallowWrapper {}`;
